Lanre
Yemisi
Samuel
